# The "camp" pass: the staged gallery series of feature 12, a neolithic camp on the sanctuary save "Nelims-tribe" (PickleTools' ScreenshotStudio).
# Used with -DepMap wsl-deps.camp.map. Draft of 2026-10-06, not played yet. Mods other than this one are chosen for the pictures only and
# are thanked in the description; none is a dependency of the distributed mod.
# Kura.ExtraStone is for the last picture (a stone from another mod); Odyssey comes with the base game set.
adaptive.storage.framework   3033901359
Kura.ExtraStone              852103845
# Pawn bodies, on TMW's advice (2026-10-07): the female variants BEFORE WDI, else Thin, Fat and Hulk women get the wrong body.
tiagocc0.FemaleBodyVariants   3798082132
tiagocc0.FemaleApparelVariants 3799726535
wdi.realistic.bodies          3527486510
# Venus Touch Waistlines (TMW's new name, 2026-10-07): cuts the tops and draws the trousers on WDI bodies. Hard dependency astryl.tailormade; staged by path from the neighbouring repository, default settings (no AB: its settings seed cannot be staged for a pass of another mod).
astryl.tailormade             3756915448
nelim.venustouch.waistlines   path:VenusTouchWaistlines/Mod
# Tribal clothes (Mud's Tribal Apparel; ETRT: Tribal Apparel, continued) and camp props (VFE Core, then VFE Props and Decor).
Mud.TribalApparel            2796703834
ETRT.TribalApparel           3545351721
OskarPotocki.VanillaFactionsExpanded.Core 2023507013
VanillaExpanded.VFEPropsandDecor 2102143149
nelim.pickletools.screenshotstudio path:PickleTools/ScreenshotStudio/Mod
nelim.pickletools.camerazoom path:PickleTools/CameraZoom/Mod
nelim.pickletools.stagedecor path:PickleTools/StageDecor/Mod
nelim.pickletools.colonistrace path:PickleTools/ColonistRace/Mod
nelim.pickletools.clearscreen path:PickleTools/ClearScreen/Mod
